[34m
* Datadog Agent 7 install script v1.46.0
[0m
/usr/bin/systemctl
[34m
* Dependencies curl gnupg already installed, skipping
[0m
[34m
* Installing APT package sources for Datadog
[0m
gpg: key E6266D4AC0962C7D: "Datadog, Inc. APT key (2023-04-20) (APT key) <package+aptkey@datadoghq.com>" not changed
gpg: key 0D826EB906462314: "Datadog, Inc. APT key (2024-05-15) (APT key) <package+aptkey@datadoghq.com>" not changed
gpg: key E6266D4AC0962C7D: "Datadog, Inc. APT key (2023-04-20) (APT key) <package+aptkey@datadoghq.com>" not changed
gpg: key 32637D44F14F620E: "Datadog, Inc. Master key (2020-09-08) <package+masterkey@datadoghq.com>" not changed
gpg: key D3A80E30382E94DE: "Datadog, Inc <package@datadoghq.com>" not changed
gpg: Total number processed: 5
gpg:              unchanged: 5
Ign:1 https://apt.datadoghq.com stable InRelease
Hit:2 https://apt.datadoghq.com stable Release
Reading package lists...
  [33mInstalling package(s): datadog-agent datadog-signing-keys
[0m
Reading package lists...
Building dependency tree...
Reading state information...
datadog-agent is already the newest version (1:7.82.1-1).
datadog-signing-keys is already the newest version (1:1.4.0-1).
0 upgraded, 0 newly installed, 0 to remove and 181 not upgraded.
W: --force-yes is deprecated, use one of the options starting with --allow instead.
[34m
* Keeping old /etc/datadog-agent/datadog.yaml configuration file
[0m
Downloading the Datadog installer...
  % Total    % Received % Xferd  Average Speed   Time    Time     Time  Current
                                 Dload  Upload   Total   Spent    Left  Speed
  0     0    0     0    0     0      0      0 --:--:-- --:--:-- --:--:--     0  0     0    0     0    0     0      0      0 --:--:-- --:--:-- --:--:--     0  2 22.9M    2  525k    0     0   442k      0  0:00:53  0:00:01  0:00:52  442k  4 22.9M    4  973k    0     0   446k      0  0:00:52  0:00:02  0:00:50  446k  6 22.9M    6 1613k    0     0   508k      0  0:00:46  0:00:03  0:00:43  508k  9 22.9M    9 2269k    0     0   536k      0  0:00:43  0:00:04  0:00:39  536k  9 22.9M    9 2269k    0     0   432k      0  0:00:54  0:00:05  0:00:49  449k  9 22.9M    9 2301k    0     0   371k      0  0:01:03  0:00:06  0:00:57  354k  9 22.9M    9 2301k    0     0   319k      0  0:01:13  0:00:07  0:01:06  264k  9 22.9M    9 2301k    0     0   280k      0  0:01:23  0:00:08  0:01:15  136k  9 22.9M    9 2301k    0     0   249k      0  0:01:34  0:00:09  0:01:25  6586  9 22.9M    9 2301k    0     0   225k      0  0:01:44  0:00:10  0:01:34  6582  9 22.9M    9 2301k    0     0   200k      0  0:01:57  0:00:11  0:01:46     0  9 22.9M    9 2301k    0     0   184k      0  0:02:07  0:00:12  0:01:55     0  9 22.9M    9 2301k    0     0   170k      0  0:02:17  0:00:13  0:02:04     0  9 22.9M    9 2301k    0     0   159k      0  0:02:27  0:00:14  0:02:13     0  9 22.9M    9 2317k    0     0   146k      0  0:02:40  0:00:15  0:02:25  2934  9 22.9M    9 2317k    0     0   137k      0  0:02:50  0:00:16  0:02:34  3080  9 22.9M    9 2317k    0     0   130k      0  0:03:00  0:00:17  0:02:43  3084